Microchip MPLAB XC8 Compiler V2.10 ()

Linker command line:

-W-3 --edf=C:\Program Files (x86)\Microchip\xc8\v2.10\pic\dat\en_msgs.txt \
  -cs -h+dist/default/production\i2C_Master.X.production.sym \
  --cmf=dist/default/production\i2C_Master.X.production.cmf -z -Q16F887 \
  -oC:\Users\Josue\AppData\Local\Temp\s8i4.3 --defsym=__MPLAB_BUILD=1 \
  -Mdist/default/production/i2C_Master.X.production.map -E1 -ver=XC8 \
  --acfsm=1493 -ASTACK=0110h-016Fh -pstack=STACK -ACODE=00h-07FFhx4 \
  -ASTRCODE=00h-01FFFh -ASTRING=00h-0FFhx32 -ACONST=00h-0FFhx32 \
  -AENTRY=00h-0FFhx32 -ACOMMON=070h-07Fh -ABANK0=020h-06Fh \
  -ABANK1=0A0h-0EFh -ABANK2=0110h-016Fh -ABANK3=0190h-01EFh \
  -ARAM=020h-06Fh,0A0h-0EFh,0110h-016Fh,0190h-01EFh \
  -AABS1=020h-07Fh,0A0h-0EFh,0110h-016Fh,0190h-01EFh -ASFR0=00h-01Fh \
  -ASFR1=080h-09Fh -ASFR2=0100h-010Fh -ASFR3=0180h-018Fh \
  -preset_vec=00h,intentry,init,end_init -ppowerup=CODE -pcinit=CODE \
  -pfunctab=ENTRY -ACONFIG=02007h-02008h -pconfig=CONFIG -DCONFIG=2 \
  -AIDLOC=02000h-02003h -pidloc=IDLOC -DIDLOC=2 -AEEDATA=00h-0FFh/02100h \
  -peeprom_data=EEDATA -DEEDATA=2 -DCODE=2 -DSTRCODE=2 -DSTRING=2 -DCONST=2 \
  -DENTRY=2 -k C:\Users\Josue\AppData\Local\Temp\s8i4.o \
  dist/default/production\i2C_Master.X.production.o 

Object code version is 3.11

Machine type is 16F887



                Name                               Link     Load   Length Selector   Space Scale
C:\Users\Josue\AppData\Local\Temp\s8i4.o
                end_init                              0        0        3        0       0
                config                             2007     2007        2     400E       0
dist/default/production\i2C_Master.X.production.o
                cinit                               7F1      7F1        F      FE2       0
                text17                              38B      38B        D      716       0
                text16                              475      475       2E      8EA       0
                text15                              36F      36F        9      6DE       0
                text14                              378      378        9      6F0       0
                text13                              381      381        A      702       0
                text12                              3DE      3DE       24      7BC       0
                text11                              3A7      3A7       1A      74E       0
                text10                              44C      44C       29      898       0
                text9                               398      398        F      730       0
                text8                               402      402       25      804       0
                text7                               541      541       7F      A82       0
                text6                               427      427       25      84E       0
                text5                               653      653       A4      CA6       0
                text4                               4DB      4DB       66      9B6       0
                text3                               4A3      4A3       38      946       0
                text2                               3C1      3C1       1D      782       0
                text1                               5C0      5C0       93      B80       0
                maintext                            6F7      6F7       FA      DEE       0
                cstackBANK0                          20       20        C       20       1
                cstackCOMMON                         70       70        E       70       1
                bssBANK0                             2C       2C        9       20       1
                strings                               3        3       14        6       0

TOTAL           Name                               Link     Load   Length     Space
        CLASS   STACK          

        CLASS   CODE           
                end_init                              0        0        3         0
                cinit                               7F1      7F1        F         0
                text17                              38B      38B        D         0
                text16                              475      475       2E         0
                text15                              36F      36F        9         0
                text14                              378      378        9         0
                text13                              381      381        A         0
                text12                              3DE      3DE       24         0
                text11                              3A7      3A7       1A         0
                text10                              44C      44C       29         0
                text9                               398      398        F         0
                text8                               402      402       25         0
                text7                               541      541       7F         0
                text6                               427      427       25         0
                text5                               653      653       A4         0
                text4                               4DB      4DB       66         0
                text3                               4A3      4A3       38         0
                text2                               3C1      3C1       1D         0
                text1                               5C0      5C0       93         0
                maintext                            6F7      6F7       FA         0

        CLASS   STRCODE        

        CLASS   STRING         
                strings                               3        3       14         0

        CLASS   CONST          

        CLASS   ENTRY          

        CLASS   COMMON         
                cstackCOMMON                         70       70        E         1

        CLASS   BANK0          
                cstackBANK0                          20       20        C         1
                bssBANK0                             2C       2C        9         1

        CLASS   BANK1          

        CLASS   BANK2          

        CLASS   BANK3          

        CLASS   RAM            

        CLASS   ABS1           
                abs_s1                               7E       7E        2         1

        CLASS   SFR0           

        CLASS   SFR1           

        CLASS   SFR2           

        CLASS   SFR3           

        CLASS   CONFIG         
                config                             2007     2007        2         0

        CLASS   IDLOC          

        CLASS   EEDATA         



SEGMENTS        Name                           Load    Length   Top    Selector   Space  Class     Delta

                reset_vec                      000000  000003  000003         0       0  CODE        2
                strings                        000003  000014  000017         6       0  STRING      2
                cstackBANK0                    000020  000015  000035        20       1  BANK0       1
                cstackCOMMON                   000070  00000E  00007E        70       1  COMMON      1
                text15                         00036F  000009  000378       6DE       0  CODE        2
                text14                         000378  000009  000381       6F0       0  CODE        2
                text13                         000381  00000A  00038B       702       0  CODE        2
                text17                         00038B  00000D  000398       716       0  CODE        2
                text9                          000398  00000F  0003A7       730       0  CODE        2
                text11                         0003A7  00001A  0003C1       74E       0  CODE        2
                text2                          0003C1  00001D  0003DE       782       0  CODE        2
                text12                         0003DE  000024  000402       7BC       0  CODE        2
                text8                          000402  000025  000427       804       0  CODE        2
                text6                          000427  000025  00044C       84E       0  CODE        2
                text10                         00044C  000029  000475       898       0  CODE        2
                text16                         000475  00002E  0004A3       8EA       0  CODE        2
                text3                          0004A3  000038  0004DB       946       0  CODE        2
                text4                          0004DB  000066  000541       9B6       0  CODE        2
                text7                          000541  00007F  0005C0       A82       0  CODE        2
                text1                          0005C0  000093  000653       B80       0  CODE        2
                text5                          000653  0000A4  0006F7       CA6       0  CODE        2
                maintext                       0006F7  0000FA  0007F1       DEE       0  CODE        2
                cinit                          0007F1  00000F  000800       FE2       0  CODE        2
                config                         002007  000002  002009      400E       0  CONFIG      2


UNUSED ADDRESS RANGES

        Name                Unused          Largest block    Delta
        BANK0            0035-006F             3B           1
        BANK1            00A0-00EF             50           1
        BANK2            0110-016F             60           1
        BANK3            0190-01EF             60           1
        CODE             0017-036E            358           2
                         0800-1FFF            800
        CONST            0017-036E            100           2
                         0800-1FFF            100
        EEDATA           2100-21FF            100           2
        ENTRY            0017-036E            100           2
                         0800-1FFF            100
        IDLOC            2000-2003              4           2
        RAM              0035-006F             3B           1
                         00A0-00EF             50
                         0110-016F             60
                         0190-01EF             60
        SFR0             0000-001F             20           1
        SFR1             0080-009F             20           1
        SFR2             0100-010F             10           1
        SFR3             0180-018F             10           1
        STACK            0110-016F             60           1
        STRCODE          0017-036E            358           2
                         0800-1FFF           1800
        STRING           0017-036E            100           2
                         0800-1FFF            100

                                  Symbol Table

?_I2C_Master_Read          cstackCOMMON 0070
?___lldiv                  cstackCOMMON 0070
?___wmul                   cstackCOMMON 0070
I2C_Master_Init@c          cstackBANK0  0020
I2C_Master_Read@a          cstackCOMMON 0070
I2C_Master_Read@temp       cstackCOMMON 0074
I2C_Master_Write@d         cstackCOMMON 0070
LCD_CHAR@a                 cstackCOMMON 0071
LCD_CURSOR@a               cstackCOMMON 0074
LCD_CURSOR@b               cstackCOMMON 0076
LCD_CURSOR@d               cstackCOMMON 0078
LCD_DATO@var               cstackCOMMON 0070
LCD_STRING@a               cstackCOMMON 0074
LCD_STRING@n               cstackCOMMON 0072
_ANSEL                     (abs)        0188
_ANSELH                    (abs)        0189
_GIE                       (abs)        005F
_I2C_Master_Init           text3        04A3
_I2C_Master_Read           text16       0475
_I2C_Master_Start          text15       036F
_I2C_Master_Stop           text14       0378
_I2C_Master_Wait           text17       038B
_I2C_Master_Write          text13       0381
_LCD_CHAR                  text9        0398
_LCD_CLEAR                 text11       03A7
_LCD_CURSOR                text10       044C
_LCD_DATO                  text12       03DE
_LCD_STRING                text8        0402
_LCD_iniciar               text7        0541
_PEIE                      (abs)        005E
_PORTA                     (abs)        0005
_PORTB                     (abs)        0006
_PORTD                     (abs)        0008
_RA3                       (abs)        002B
_RA4                       (abs)        002C
_SSPADD                    (abs)        0093
_SSPBUF                    (abs)        0013
_SSPCON                    (abs)        0014
_SSPCON2                   (abs)        0091
_SSPCON2bits               (abs)        0091
_SSPIE                     (abs)        0463
_SSPIF                     (abs)        0063
_SSPSTAT                   (abs)        0094
_TRISAbits                 (abs)        0085
_TRISB                     (abs)        0086
_TRISC3                    (abs)        043B
_TRISC4                    (abs)        043C
_TRISCbits                 (abs)        0087
_TRISD                     (abs)        0088
_Val_ADC                   bssBANK0     0034
_Val_Cont                  bssBANK0     0033
__CFG_BOR4V$BOR40V         (abs)        0000
__CFG_BOREN$OFF            (abs)        0000
__CFG_CP$OFF               (abs)        0000
__CFG_CPD$OFF              (abs)        0000
__CFG_FCMEN$OFF            (abs)        0000
__CFG_FOSC$INTRC_CLKOUT    (abs)        0000
__CFG_IESO$OFF             (abs)        0000
__CFG_LVP$OFF              (abs)        0000
__CFG_MCLRE$OFF            (abs)        0000
__CFG_PWRTE$OFF            (abs)        0000
__CFG_WDTE$OFF             (abs)        0000
__CFG_WRT$OFF              (abs)        0000
__Habs1                    abs1         0000
__Hbank0                   bank0        0000
__Hbank1                   bank1        0000
__Hbank2                   bank2        0000
__Hbank3                   bank3        0000
__HbssBANK0                bssBANK0     0000
__Hcinit                   cinit        0800
__Hclrtext                 clrtext      0000
__Hcode                    code         0000
__Hcommon                  common       0000
__Hconfig                  config       2009
__HcstackBANK0             cstackBANK0  0000
__HcstackCOMMON            cstackCOMMON 0000
__Heeprom_data             eeprom_data  0000
__Hend_init                end_init     0003
__Hfunctab                 functab      0000
__Hidloc                   idloc        0000
__Hinit                    init         0000
__Hintentry                intentry     0000
__Hmaintext                maintext     0000
__Hpowerup                 powerup      0000
__Hram                     ram          0000
__Hreset_vec               reset_vec    0000
__Hsfr0                    sfr0         0000
__Hsfr1                    sfr1         0000
__Hsfr2                    sfr2         0000
__Hsfr3                    sfr3         0000
__Hspace_0                 (abs)        2009
__Hspace_1                 (abs)        007E
__Hspace_2                 (abs)        0000
__Hspace_3                 (abs)        0000
__Hstack                   stack        0000
__Hstrings                 strings      0000
__Htext                    text         0000
__Labs1                    abs1         0000
__Lbank0                   bank0        0000
__Lbank1                   bank1        0000
__Lbank2                   bank2        0000
__Lbank3                   bank3        0000
__LbssBANK0                bssBANK0     0000
__Lcinit                   cinit        07F1
__Lclrtext                 clrtext      0000
__Lcode                    code         0000
__Lcommon                  common       0000
__Lconfig                  config       2007
__LcstackBANK0             cstackBANK0  0000
__LcstackCOMMON            cstackCOMMON 0000
__Leeprom_data             eeprom_data  0000
__Lend_init                end_init     0000
__Lfunctab                 functab      0000
__Lidloc                   idloc        0000
__Linit                    init         0000
__Lintentry                intentry     0000
__Lmaintext                maintext     0000
__Lpowerup                 powerup      0000
__Lram                     ram          0000
__Lreset_vec               reset_vec    0000
__Lsfr0                    sfr0         0000
__Lsfr1                    sfr1         0000
__Lsfr2                    sfr2         0000
__Lsfr3                    sfr3         0000
__Lspace_0                 (abs)        0000
__Lspace_1                 (abs)        0000
__Lspace_2                 (abs)        0000
__Lspace_3                 (abs)        0000
__Lstack                   stack        0000
__Lstrings                 strings      0000
__Ltext                    text         0000
__S0                       (abs)        2009
__S1                       (abs)        007E
__S2                       (abs)        0000
__S3                       (abs)        0000
___int_sp                  stack        0000
___latbits                 (abs)        0002
___lldiv                   text4        04DB
___lldiv@counter           cstackCOMMON 007D
___lldiv@dividend          cstackCOMMON 0074
___lldiv@divisor           cstackCOMMON 0070
___lldiv@quotient          cstackCOMMON 0079
___sp                      stack        0000
___stackhi                 (abs)        0000
___stacklo                 (abs)        0000
___wmul                    text6        0427
___wmul@multiplicand       cstackCOMMON 0072
___wmul@multiplier         cstackCOMMON 0070
___wmul@product            cstackCOMMON 0074
__end_of_I2C_Master_Init   text3        04DB
__end_of_I2C_Master_Read   text16       04A3
__end_of_I2C_Master_Start  text15       0378
__end_of_I2C_Master_Stop   text14       0381
__end_of_I2C_Master_Wait   text17       0398
__end_of_I2C_Master_Write  text13       038B
__end_of_LCD_CHAR          text9        03A7
__end_of_LCD_CLEAR         text11       03C1
__end_of_LCD_CURSOR        text10       0475
__end_of_LCD_DATO          text12       0402
__end_of_LCD_STRING        text8        0427
__end_of_LCD_iniciar       text7        05C0
__end_of___lldiv           text4        0541
__end_of___wmul            text6        044C
__end_of__initialization   cinit        07FC
__end_of__stringtab        strings      0009
__end_of_main              maintext     07F1
__end_of_mapeo             text5        06F7
__end_of_setup             text2        03DE
__end_of_uint_to_char      text1        0653
__initialization           cinit        07F1
__pbssBANK0                bssBANK0     002C
__pcstackBANK0             cstackBANK0  0020
__pcstackCOMMON            cstackCOMMON 0070
__pmaintext                maintext     06F7
__pstrings                 strings      0003
__ptext1                   text1        05C0
__ptext10                  text10       044C
__ptext11                  text11       03A7
__ptext12                  text12       03DE
__ptext13                  text13       0381
__ptext14                  text14       0378
__ptext15                  text15       036F
__ptext16                  text16       0475
__ptext17                  text17       038B
__ptext2                   text2        03C1
__ptext3                   text3        04A3
__ptext4                   text4        04DB
__ptext5                   text5        0653
__ptext6                   text6        0427
__ptext7                   text7        0541
__ptext8                   text8        0402
__ptext9                   text9        0398
__size_of_I2C_Master_Init  (abs)        0000
__size_of_I2C_Master_Read  (abs)        0000
__size_of_I2C_Master_Start (abs)        0000
__size_of_I2C_Master_Stop  (abs)        0000
__size_of_I2C_Master_Wait  (abs)        0000
__size_of_I2C_Master_Write (abs)        0000
__size_of_LCD_CHAR         (abs)        0000
__size_of_LCD_CLEAR        (abs)        0000
__size_of_LCD_CURSOR       (abs)        0000
__size_of_LCD_DATO         (abs)        0000
__size_of_LCD_STRING       (abs)        0000
__size_of_LCD_iniciar      (abs)        0000
__size_of___lldiv          (abs)        0000
__size_of___wmul           (abs)        0000
__size_of_main             (abs)        0000
__size_of_mapeo            (abs)        0000
__size_of_setup            (abs)        0000
__size_of_uint_to_char     (abs)        0000
__stringbase               strings      0008
__stringtab                strings      0003
_main                      maintext     06F7
_mapeo                     text5        0653
_setup                     text2        03C1
_uint_to_char              text1        05C0
_voltaje_map               bssBANK0     0032
btemp                      (abs)        007E
end_of_initialization      cinit        07FC
intlevel0                  functab      0000
intlevel1                  functab      0000
intlevel2                  functab      0000
intlevel3                  functab      0000
intlevel4                  functab      0000
intlevel5                  functab      0000
mapeo@dividendo            cstackBANK0  0027
mapeo@limFisico            cstackCOMMON 0077
mapeo@limPIC               cstackCOMMON 0076
mapeo@result               cstackBANK0  0021
mapeo@valor                cstackBANK0  0020
reset_vec                  reset_vec    0000
start                      init         0000
start_initialization       cinit        07F1
uint_to_char@numChr        cstackCOMMON 0073
uint_to_char@numero        cstackCOMMON 0072
wtemp0                     (abs)        007E


FUNCTION INFORMATION:

 *************** function _main *****************
 Defined at:
		line 59 in file "i2C_Master.c"
 Parameters:    Size  Location     Type
		None
 Auto vars:     Size  Location     Type
		None
 Return value:  Size  Location     Type
                  1    wreg      void 
 Registers used:
		wreg, fsr0l, fsr0h, status,2, status,0, btemp+1, pclath, cstack
 Tracked objects:
		On entry : 
		On exit  : 
		Unchanged: 
 Data sizes:     COMMON   BANK0   BANK1   BANK3   BANK2
      Params:         0       0       0       0       0
      Locals:         0       0       0       0       0
      Temps:          0       3       0       0       0
      Totals:         0       3       0       0       0
Total ram usage:        3 bytes
 Hardware stack levels required when called:    3
 This function calls:
		_I2C_Master_Read
		_I2C_Master_Start
		_I2C_Master_Stop
		_I2C_Master_Write
		_LCD_CHAR
		_LCD_CLEAR
		_LCD_CURSOR
		_LCD_STRING
		_LCD_iniciar
		_mapeo
		_setup
		_uint_to_char
 This function is called by:
		Startup code after reset
 This function uses a non-reentrant model


 *************** function _uint_to_char *****************
 Defined at:
		line 97 in file "Lib_LCD.c"
 Parameters:    Size  Location     Type
  numero          1    wreg     unsigned char 
 Auto vars:     Size  Location     Type
  numero          1    2[COMMON] unsigned char 
  numChr          1    3[COMMON] unsigned char 
 Return value:  Size  Location     Type
                  1    wreg      unsigned char 
 Registers used:
		wreg, fsr0l, fsr0h, status,2, status,0
 Tracked objects:
		On entry : 
		On exit  : 
		Unchanged: 
 Data sizes:     COMMON   BANK0   BANK1   BANK3   BANK2
      Params:         0       0       0       0       0
      Locals:         2       0       0       0       0
      Temps:          2       0       0       0       0
      Totals:         4       0       0       0       0
Total ram usage:        4 bytes
 Hardware stack levels used:    1
 This function calls:
		Nothing
 This function is called by:
		_main
 This function uses a non-reentrant model


 *************** function _setup *****************
 Defined at:
		line 108 in file "i2C_Master.c"
 Parameters:    Size  Location     Type
		None
 Auto vars:     Size  Location     Type
		None
 Return value:  Size  Location     Type
                  1    wreg      void 
 Registers used:
		wreg, status,2, status,0, pclath, cstack
 Tracked objects:
		On entry : 
		On exit  : 
		Unchanged: 
 Data sizes:     COMMON   BANK0   BANK1   BANK3   BANK2
      Params:         0       0       0       0       0
      Locals:         0       0       0       0       0
      Temps:          0       0       0       0       0
      Totals:         0       0       0       0       0
Total ram usage:        0 bytes
 Hardware stack levels used:    1
 Hardware stack levels required when called:    2
 This function calls:
		_I2C_Master_Init
 This function is called by:
		_main
 This function uses a non-reentrant model


 *************** function _I2C_Master_Init *****************
 Defined at:
		line 16 in file "I2C.c"
 Parameters:    Size  Location     Type
  c               4    0[BANK0 ] const unsigned long 
 Auto vars:     Size  Location     Type
		None
 Return value:  Size  Location     Type
                  1    wreg      void 
 Registers used:
		wreg, status,2, status,0, pclath, cstack
 Tracked objects:
		On entry : 
		On exit  : 
		Unchanged: 
 Data sizes:     COMMON   BANK0   BANK1   BANK3   BANK2
      Params:         0       4       0       0       0
      Locals:         0       0       0       0       0
      Temps:          0       4       0       0       0
      Totals:         0       8       0       0       0
Total ram usage:        8 bytes
 Hardware stack levels used:    1
 Hardware stack levels required when called:    1
 This function calls:
		___lldiv
 This function is called by:
		_setup
 This function uses a non-reentrant model


 *************** function ___lldiv *****************
 Defined at:
		line 5 in file "C:\Program Files (x86)\Microchip\xc8\v2.10\pic\sources\c90\common\__lldiv.c"
 Parameters:    Size  Location     Type
  divisor         4    0[COMMON] unsigned long 
  dividend        4    4[COMMON] unsigned long 
 Auto vars:     Size  Location     Type
  quotient        4    9[COMMON] unsigned long 
  counter         1   13[COMMON] unsigned char 
 Return value:  Size  Location     Type
                  4    0[COMMON] unsigned long 
 Registers used:
		wreg, status,2, status,0
 Tracked objects:
		On entry : 
		On exit  : 
		Unchanged: 
 Data sizes:     COMMON   BANK0   BANK1   BANK3   BANK2
      Params:         8       0       0       0       0
      Locals:         5       0       0       0       0
      Temps:          1       0       0       0       0
      Totals:        14       0       0       0       0
Total ram usage:       14 bytes
 Hardware stack levels used:    1
 This function calls:
		Nothing
 This function is called by:
		_I2C_Master_Init
 This function uses a non-reentrant model


 *************** function _mapeo *****************
 Defined at:
		line 128 in file "i2C_Master.c"
 Parameters:    Size  Location     Type
  valor           1    wreg     unsigned char 
  limPIC          1    6[COMMON] unsigned char 
  limFisico       1    7[COMMON] unsigned char 
 Auto vars:     Size  Location     Type
  valor           1    0[BANK0 ] unsigned char 
  result          6    1[BANK0 ] unsigned int [3]
  dividendo       2    7[BANK0 ] unsigned int 
 Return value:  Size  Location     Type
                  1    wreg      PTR unsigned int 
 Registers used:
		wreg, fsr0l, fsr0h, status,2, status,0, btemp+1, pclath, cstack
 Tracked objects:
		On entry : 
		On exit  : 
		Unchanged: 
 Data sizes:     COMMON   BANK0   BANK1   BANK3   BANK2
      Params:         2       0       0       0       0
      Locals:         0       9       0       0       0
      Temps:          4       0       0       0       0
      Totals:         6       9       0       0       0
Total ram usage:       15 bytes
 Hardware stack levels used:    1
 Hardware stack levels required when called:    1
 This function calls:
		___wmul
 This function is called by:
		_main
 This function uses a non-reentrant model


 *************** function ___wmul *****************
 Defined at:
		line 15 in file "C:\Program Files (x86)\Microchip\xc8\v2.10\pic\sources\c90\common\Umul16.c"
 Parameters:    Size  Location     Type
  multiplier      2    0[COMMON] unsigned int 
  multiplicand    2    2[COMMON] unsigned int 
 Auto vars:     Size  Location     Type
  product         2    4[COMMON] unsigned int 
 Return value:  Size  Location     Type
                  2    0[COMMON] unsigned int 
 Registers used:
		wreg, status,2, status,0
 Tracked objects:
		On entry : 
		On exit  : 
		Unchanged: 
 Data sizes:     COMMON   BANK0   BANK1   BANK3   BANK2
      Params:         4       0       0       0       0
      Locals:         2       0       0       0       0
      Temps:          0       0       0       0       0
      Totals:         6       0       0       0       0
Total ram usage:        6 bytes
 Hardware stack levels used:    1
 This function calls:
		Nothing
 This function is called by:
		_mapeo
 This function uses a non-reentrant model


 *************** function _LCD_iniciar *****************
 Defined at:
		line 25 in file "Lib_LCD.c"
 Parameters:    Size  Location     Type
		None
 Auto vars:     Size  Location     Type
		None
 Return value:  Size  Location     Type
                  1    wreg      void 
 Registers used:
		wreg, status,2, status,0, pclath, cstack
 Tracked objects:
		On entry : 
		On exit  : 
		Unchanged: 
 Data sizes:     COMMON   BANK0   BANK1   BANK3   BANK2
      Params:         0       0       0       0       0
      Locals:         0       0       0       0       0
      Temps:          2       0       0       0       0
      Totals:         2       0       0       0       0
Total ram usage:        2 bytes
 Hardware stack levels used:    1
 Hardware stack levels required when called:    1
 This function calls:
		_LCD_DATO
 This function is called by:
		_main
 This function uses a non-reentrant model


 *************** function _LCD_STRING *****************
 Defined at:
		line 89 in file "Lib_LCD.c"
 Parameters:    Size  Location     Type
  a               1    wreg     PTR unsigned char 
		 -> STR_1(14), 
 Auto vars:     Size  Location     Type
  a               1    4[COMMON] PTR unsigned char 
		 -> STR_1(14), 
  n               2    2[COMMON] int 
 Return value:  Size  Location     Type
                  1    wreg      void 
 Registers used:
		wreg, fsr0l, fsr0h, status,2, status,0, pclath, cstack
 Tracked objects:
		On entry : 
		On exit  : 
		Unchanged: 
 Data sizes:     COMMON   BANK0   BANK1   BANK3   BANK2
      Params:         0       0       0       0       0
      Locals:         3       0       0       0       0
      Temps:          0       0       0       0       0
      Totals:         3       0       0       0       0
Total ram usage:        3 bytes
 Hardware stack levels used:    1
 Hardware stack levels required when called:    1
 This function calls:
		_LCD_CHAR
 This function is called by:
		_main
 This function uses a non-reentrant model


 *************** function _LCD_CHAR *****************
 Defined at:
		line 79 in file "Lib_LCD.c"
 Parameters:    Size  Location     Type
  a               1    wreg     unsigned char 
 Auto vars:     Size  Location     Type
  a               1    1[COMMON] unsigned char 
 Return value:  Size  Location     Type
                  1    wreg      void 
 Registers used:
		wreg
 Tracked objects:
		On entry : 
		On exit  : 
		Unchanged: 
 Data sizes:     COMMON   BANK0   BANK1   BANK3   BANK2
      Params:         0       0       0       0       0
      Locals:         1       0       0       0       0
      Temps:          1       0       0       0       0
      Totals:         2       0       0       0       0
Total ram usage:        2 bytes
 Hardware stack levels used:    1
 This function calls:
		Nothing
 This function is called by:
		_main
		_LCD_STRING
 This function uses a non-reentrant model


 *************** function _LCD_CURSOR *****************
 Defined at:
		line 62 in file "Lib_LCD.c"
 Parameters:    Size  Location     Type
  a               2    4[COMMON] int 
  b               2    6[COMMON] int 
 Auto vars:     Size  Location     Type
  d               2    8[COMMON] int 
 Return value:  Size  Location     Type
                  1    wreg      void 
 Registers used:
		wreg, status,2, status,0, pclath, cstack
 Tracked objects:
		On entry : 
		On exit  : 
		Unchanged: 
 Data sizes:     COMMON   BANK0   BANK1   BANK3   BANK2
      Params:         4       0       0       0       0
      Locals:         2       0       0       0       0
      Temps:          0       0       0       0       0
      Totals:         6       0       0       0       0
Total ram usage:        6 bytes
 Hardware stack levels used:    1
 Hardware stack levels required when called:    1
 This function calls:
		_LCD_DATO
 This function is called by:
		_main
 This function uses a non-reentrant model


 *************** function _LCD_CLEAR *****************
 Defined at:
		line 55 in file "Lib_LCD.c"
 Parameters:    Size  Location     Type
		None
 Auto vars:     Size  Location     Type
		None
 Return value:  Size  Location     Type
                  1    wreg      void 
 Registers used:
		wreg, status,2, status,0, pclath, cstack
 Tracked objects:
		On entry : 
		On exit  : 
		Unchanged: 
 Data sizes:     COMMON   BANK0   BANK1   BANK3   BANK2
      Params:         0       0       0       0       0
      Locals:         0       0       0       0       0
      Temps:          2       0       0       0       0
      Totals:         2       0       0       0       0
Total ram usage:        2 bytes
 Hardware stack levels used:    1
 Hardware stack levels required when called:    1
 This function calls:
		_LCD_DATO
 This function is called by:
		_main
 This function uses a non-reentrant model


 *************** function _LCD_DATO *****************
 Defined at:
		line 45 in file "Lib_LCD.c"
 Parameters:    Size  Location     Type
  var             2    0[COMMON] int 
 Auto vars:     Size  Location     Type
		None
 Return value:  Size  Location     Type
                  1    wreg      void 
 Registers used:
		wreg
 Tracked objects:
		On entry : 
		On exit  : 
		Unchanged: 
 Data sizes:     COMMON   BANK0   BANK1   BANK3   BANK2
      Params:         2       0       0       0       0
      Locals:         0       0       0       0       0
      Temps:          2       0       0       0       0
      Totals:         4       0       0       0       0
Total ram usage:        4 bytes
 Hardware stack levels used:    1
 This function calls:
		Nothing
 This function is called by:
		_LCD_iniciar
		_LCD_CLEAR
		_LCD_CURSOR
 This function uses a non-reentrant model


 *************** function _I2C_Master_Write *****************
 Defined at:
		line 77 in file "I2C.c"
 Parameters:    Size  Location     Type
  d               2    0[COMMON] unsigned int 
 Auto vars:     Size  Location     Type
		None
 Return value:  Size  Location     Type
                  1    wreg      void 
 Registers used:
		wreg, status,2, status,0, pclath, cstack
 Tracked objects:
		On entry : 
		On exit  : 
		Unchanged: 
 Data sizes:     COMMON   BANK0   BANK1   BANK3   BANK2
      Params:         2       0       0       0       0
      Locals:         0       0       0       0       0
      Temps:          0       0       0       0       0
      Totals:         2       0       0       0       0
Total ram usage:        2 bytes
 Hardware stack levels used:    1
 Hardware stack levels required when called:    1
 This function calls:
		_I2C_Master_Wait
 This function is called by:
		_main
 This function uses a non-reentrant model


 *************** function _I2C_Master_Stop *****************
 Defined at:
		line 65 in file "I2C.c"
 Parameters:    Size  Location     Type
		None
 Auto vars:     Size  Location     Type
		None
 Return value:  Size  Location     Type
                  1    wreg      void 
 Registers used:
		wreg, status,2, status,0, pclath, cstack
 Tracked objects:
		On entry : 
		On exit  : 
		Unchanged: 
 Data sizes:     COMMON   BANK0   BANK1   BANK3   BANK2
      Params:         0       0       0       0       0
      Locals:         0       0       0       0       0
      Temps:          0       0       0       0       0
      Totals:         0       0       0       0       0
Total ram usage:        0 bytes
 Hardware stack levels used:    1
 Hardware stack levels required when called:    1
 This function calls:
		_I2C_Master_Wait
 This function is called by:
		_main
 This function uses a non-reentrant model


 *************** function _I2C_Master_Start *****************
 Defined at:
		line 45 in file "I2C.c"
 Parameters:    Size  Location     Type
		None
 Auto vars:     Size  Location     Type
		None
 Return value:  Size  Location     Type
                  1    wreg      void 
 Registers used:
		wreg, status,2, status,0, pclath, cstack
 Tracked objects:
		On entry : 
		On exit  : 
		Unchanged: 
 Data sizes:     COMMON   BANK0   BANK1   BANK3   BANK2
      Params:         0       0       0       0       0
      Locals:         0       0       0       0       0
      Temps:          0       0       0       0       0
      Totals:         0       0       0       0       0
Total ram usage:        0 bytes
 Hardware stack levels used:    1
 Hardware stack levels required when called:    1
 This function calls:
		_I2C_Master_Wait
 This function is called by:
		_main
 This function uses a non-reentrant model


 *************** function _I2C_Master_Read *****************
 Defined at:
		line 89 in file "I2C.c"
 Parameters:    Size  Location     Type
  a               2    0[COMMON] unsigned short 
 Auto vars:     Size  Location     Type
  temp            2    4[COMMON] unsigned short 
 Return value:  Size  Location     Type
                  2    0[COMMON] unsigned short 
 Registers used:
		wreg, status,2, status,0, pclath, cstack
 Tracked objects:
		On entry : 
		On exit  : 
		Unchanged: 
 Data sizes:     COMMON   BANK0   BANK1   BANK3   BANK2
      Params:         2       0       0       0       0
      Locals:         2       0       0       0       0
      Temps:          2       0       0       0       0
      Totals:         6       0       0       0       0
Total ram usage:        6 bytes
 Hardware stack levels used:    1
 Hardware stack levels required when called:    1
 This function calls:
		_I2C_Master_Wait
 This function is called by:
		_main
 This function uses a non-reentrant model


 *************** function _I2C_Master_Wait *****************
 Defined at:
		line 32 in file "I2C.c"
 Parameters:    Size  Location     Type
		None
 Auto vars:     Size  Location     Type
		None
 Return value:  Size  Location     Type
                  1    wreg      void 
 Registers used:
		wreg, status,2
 Tracked objects:
		On entry : 
		On exit  : 
		Unchanged: 
 Data sizes:     COMMON   BANK0   BANK1   BANK3   BANK2
      Params:         0       0       0       0       0
      Locals:         0       0       0       0       0
      Temps:          0       0       0       0       0
      Totals:         0       0       0       0       0
Total ram usage:        0 bytes
 Hardware stack levels used:    1
 This function calls:
		Nothing
 This function is called by:
		_I2C_Master_Start
		_I2C_Master_Stop
		_I2C_Master_Write
		_I2C_Master_Read
		_I2C_Master_RepeatedStart
 This function uses a non-reentrant model



MODULE INFORMATION

Module		Function		Class		Link	Load	Size
C:\Program Files (x86)\Microchip\xc8\v2.10\pic\sources\c90\common\Umul16.c
		___wmul        		CODE           	0427	0000	38

C:\Program Files (x86)\Microchip\xc8\v2.10\pic\sources\c90\common\Umul16.c estimated size: 38

Lib_LCD.c
		_LCD_STRING    		CODE           	0402	0000	38
		_LCD_DATO      		CODE           	03DE	0000	37
		_LCD_CHAR      		CODE           	0398	0000	16
		_LCD_CLEAR     		CODE           	03A7	0000	27
		_LCD_iniciar   		CODE           	0541	0000	128
		_LCD_CURSOR    		CODE           	044C	0000	42
		_uint_to_char  		CODE           	05C0	0000	148

Lib_LCD.c estimated size: 436

I2C.c
		_I2C_Master_Read		CODE           	0475	0000	47
		_I2C_Master_Wait		CODE           	038B	0000	14
		_I2C_Master_Init		CODE           	04A3	0000	57
		_I2C_Master_Stop		CODE           	0378	0000	10
		_I2C_Master_Write		CODE           	0381	0000	11
		_I2C_Master_Start		CODE           	036F	0000	10

I2C.c estimated size: 149

C:\Program Files (x86)\Microchip\xc8\v2.10\pic\sources\c90\common\__lldiv.c
		___lldiv       		CODE           	04DB	0000	103

C:\Program Files (x86)\Microchip\xc8\v2.10\pic\sources\c90\common\__lldiv.c estimated size: 103

shared
		__stringtab    		STRING         	0003	0000	7
		__initialization		CODE           	07F1	0000	12

shared estimated size: 19

i2C_Master.c
		_main          		CODE           	06F7	0000	251
		_setup         		CODE           	03C1	0000	30
		_mapeo         		CODE           	0653	0000	165

i2C_Master.c estimated size: 446

